C51 COMPILER V9.59.0.0   INIT_CLS_DER                                                      04/15/2024 16:46:50 PAGE 1   


C51 COMPILER V9.59.0.0, COMPILATION OF MODULE INIT_CLS_DER
OBJECT MODULE PLACED IN .\Objects\init_cls_der.obj
COMPILER INVOKED BY: E:\Keil5\C51\BIN\C51.EXE ..\Deriver\init_cls_der.c OPTIMIZE(8,SPEED) BROWSE INCDIR(..\Deriver;..\Sy
                    -s;..\User) DEBUG OBJECTEXTEND PRINT(.\Listings\init_cls_der.lst) OBJECT(.\Objects\init_cls_der.obj)

line level    source

   1          #include "init_cls_der.h"
   2          
   3          void Cls_Der(void)
   4          {       
   5   1              P0 = 0;
   6   1              P2 = P2 & 0x1f | 0xA0;
   7   1              P2 &= 0x1f;
   8   1              
   9   1              P0 = 0xff;
  10   1              P2 = P2 & 0x1f | 0x80;
  11   1              P2 &= 0x1f;
  12   1      }
  13          
  14          


MODULE INFORMATION:   STATIC OVERLAYABLE
   CODE SIZE        =     29    ----
   CONSTANT SIZE    =   ----    ----
   XDATA SIZE       =   ----    ----
   PDATA SIZE       =   ----    ----
   DATA SIZE        =   ----    ----
   IDATA SIZE       =   ----    ----
   BIT SIZE         =   ----    ----
END OF MODULE INFORMATION.


C51 COMPILATION COMPLETE.  0 WARNING(S),  0 ERROR(S)
